--- Starting Step 7, Stage 2 (Announcements) Tests ---
Setting up Admin, Seeder, and Normal User...
Accounts ready!

[Security: Seeder Create Announcement]
Seeder POST Status (Expect 403): 403

[Admin Create Announcement]
Admin POST Status (Expect 201): 201
Sanitized Title saved as: Scheduled Maintenance &lt;b&gt;Alert&lt;/b&gt;

[Security: Seeder Read Announcements]
Seeder GET Status (Expect 200): 200 | Count: 1

[Security: User Read Announcements]
User GET Status (Expect 403): 403

[Pagination Check]
Generating 25 dummy announcements from Admin...
Page 2 (Limit 10) length: 10 | Status: 200

--- Announcements Module Validated Successfully ---
