Purchase A: {
  success: true,
  message: 'Purchase successful',
  data: {
    product: 'SDP Family',
    minutes_allocated: 3650,
    new_role: 'USER_580'
  }
}
User A (Code: SDP-OP1CAN) Activated SEEDER
Purchase B: {
  success: true,
  message: 'Purchase successful',
  data: {
    product: 'SDP Family',
    minutes_allocated: 3650,
    new_role: 'USER_580'
  }
}
User B (Code: SDP-Q8V2FT) Purchased using SDP-OP1CAN & Activated SEEDER
User C Login: {
  success: true,
  message: 'Login successful',
  data: {
    user: {
      id: '481f68bb-6b7b-4fed-9a5c-13faa45e5874',
      name: 'User C',
      mobile: '9000000003',
      cid: 'CID_I19962',
      role: 'USER_178'
    }
  }
}
Purchase C: {
  success: true,
  message: 'Purchase successful',
  data: {
    product: 'SDP Family',
    minutes_allocated: 3650,
    new_role: 'USER_580'
  }
}
User C Purchased using SDP-Q8V2FT
--- RESULTS ---
User A Cash: 370
User A Bonuses: [ 'DIRECT: 220', 'LEVEL2: 150' ]
User B Cash: 220
User B Bonuses: [ 'DIRECT: 220' ]
User C Cash: 0
